// Jest Snapshot v1, https://goo.gl/fbAQLP

exports[`Landing page component Should render component correctly 1`] = `
<div>
  <header
    className="header"
  >
    <div
      className="container"
    >
      <h1
        className="title"
      >
        PartyPlanner.io
      </h1>
      <div
        className="headerButtons"
      >
        <button
          className="loginButton"
          onClick={[Function]}
        >
          Login
        </button>
        <button
          className="registerButton"
          onClick={[Function]}
        >
          Register
        </button>
      </div>
    </div>
  </header>
  <div
    className="container"
  >
    <h2
      className="title"
    >
      Take the stress out of party planning
    </h2>
    <p
      className="paragraph"
    >
      We all know party planning is hard. But it does not have to be. PartyPlanner.io provides you with all the tools you need in order to have a stress-free party. So relax, get a drink and give PartyPlanner a try!
    </p>
    <button
      className="button"
      onClick={[Function]}
    >
      Get PartyPlanner
    </button>
    <img
      alt=""
      className="img"
      src="landingImage.svg"
    />
  </div>
</div>
`;
